 KRNL32

 Timestamp is 5c657cef (Thu Feb 14 22:36:31 2019)

 Preferred load address is c0000000

 Start         Length     Name                   Class
 0001:00000000 00001ab5H .text                   CODE
 0002:00000000 000008ccH .rdata                  DATA
 0003:00000000 00000004H .CRT$XCA                DATA
 0003:00000004 00000004H .CRT$XCZ                DATA
 0003:00000008 00000034H .data                   DATA
 0003:00000040 00000890H .bss                    DATA

  Address         Publics by Value              Rva+Base       Lib:Object

 0000:00000000       ___safe_se_handler_count   00000000     <absolute>
 0000:00000000       ___safe_se_handler_table   00000000     <absolute>
 0001:00000000       ?DebugPutc@@YAXE@Z         c0000400 f   DebugDisplay.obj
 0001:000000a0       ?itoa@@YAXIIPAD@Z          c00004a0 f   DebugDisplay.obj
 0001:00000100       ?itoa_s@@YAXHIPAD@Z        c0000500 f   DebugDisplay.obj
 0001:00000130       ?DebugSetColor@@YAII@Z     c0000530 f   DebugDisplay.obj
 0001:00000150       ?DebugGotoXY@@YAXII@Z      c0000550 f   DebugDisplay.obj
 0001:00000180       ?DebugClrScr@@YAXE@Z       c0000580 f   DebugDisplay.obj
 0001:000001d0       ?DebugPuts@@YAXPAD@Z       c00005d0 f   DebugDisplay.obj
 0001:000002b0       ?DebugPrintf@@YAHPBDZZ     c00006b0 f   DebugDisplay.obj
 0001:00000510       ?kernel_entry@@YAXPAUmultiboot_info@@@Z c0000910 f   entry.obj
 0001:00000550       ?divide_by_zero_fault@@YAXIII@Z c0000950 f   exception.obj
 0001:00000580       ?single_step_trap@@YAXIII@Z c0000980 f   exception.obj
 0001:000005b0       ?nmi_trap@@YAXIII@Z        c00009b0 f   exception.obj
 0001:000005e0       ?breakpoint_trap@@YAXIII@Z c00009e0 f   exception.obj
 0001:00000610       ?overflow_trap@@YAXIII@Z   c0000a10 f   exception.obj
 0001:00000640       ?bounds_check_fault@@YAXIII@Z c0000a40 f   exception.obj
 0001:00000670       ?invalid_opcode_fault@@YAXIII@Z c0000a70 f   exception.obj
 0001:000006a0       ?no_device_fault@@YAXIII@Z c0000aa0 f   exception.obj
 0001:000006d0       ?double_fault_abort@@YAXIIII@Z c0000ad0 f   exception.obj
 0001:00000700       ?invalid_tss_fault@@YAXIIII@Z c0000b00 f   exception.obj
 0001:00000730       ?no_segment_fault@@YAXIIII@Z c0000b30 f   exception.obj
 0001:00000760       ?stack_fault@@YAXIIII@Z    c0000b60 f   exception.obj
 0001:00000790       ?general_protection_fault@@YAXIIII@Z c0000b90 f   exception.obj
 0001:000007c0       ?page_fault@@YAXIIII@Z     c0000bc0 f   exception.obj
 0001:00000800       ?fpu_fault@@YAXIII@Z       c0000c00 f   exception.obj
 0001:00000830       ?alignment_check_fault@@YAXIIII@Z c0000c30 f   exception.obj
 0001:00000860       ?machine_check_abort@@YAXIII@Z c0000c60 f   exception.obj
 0001:00000890       ?simd_fpu_fault@@YAXIII@Z  c0000c90 f   exception.obj
 0001:000008c0       ?kmain@@YAHPAUmultiboot_info@@@Z c0000cc0 f   main.obj
 0001:00000b50       ?pmmngr_init_region@@YAXII@Z c0000f50 f   mmngr_phys.obj
 0001:00000bc0       ?pmmngr_deinit_region@@YAXII@Z c0000fc0 f   mmngr_phys.obj
 0001:00000c20       ?pmmngr_free_block@@YAXPAX@Z c0001020 f   mmngr_phys.obj
 0001:00000c60       ?pmmngr_free_blocks@@YAXPAXI@Z c0001060 f   mmngr_phys.obj
 0001:00000cc0       ?pmmngr_get_block_count@@YAIXZ c00010c0 f   mmngr_phys.obj
 0001:00000cd0       ?pmmngr_get_use_block_count@@YAIXZ c00010d0 f   mmngr_phys.obj
 0001:00000ce0       ?pmmngr_get_free_block_count@@YAIXZ c00010e0 f   mmngr_phys.obj
 0001:00000cf0       ?mmap_first_free@@YAHXZ    c00010f0 f   mmngr_phys.obj
 0001:00000d40       ?mmap_first_free_s@@YAHI@Z c0001140 f   mmngr_phys.obj
 0001:00000e50       ?pmmngr_init@@YAXII@Z      c0001250 f   mmngr_phys.obj
 0001:00000e90       ?pmmngr_alloc_block@@YAPAXXZ c0001290 f   mmngr_phys.obj
 0001:00000ef0       ?pmmngr_alloc_blocks@@YAPAXI@Z c00012f0 f   mmngr_phys.obj
 0001:00000f70       ?kernel_panic@@YAXPBDZZ    c0001370 f   panic.obj
 0001:00000fe0       ?hal_initialize@@YAHXZ     c00013e0 f   Hal:Hal.obj
 0001:00001020       ?hal_shutdown@@YAHXZ       c0001420 f   Hal:Hal.obj
 0001:00001030       ?geninterrupt@@YAXH@Z      c0001430 f   Hal:Hal.obj
 0001:00001050       ?sound@@YAXI@Z             c0001450 f   Hal:Hal.obj
 0001:00001070       ?inportb@@YAEG@Z           c0001470 f   Hal:Hal.obj
 0001:00001080       ?outportb@@YAXGE@Z         c0001480 f   Hal:Hal.obj
 0001:00001090       ?enable@@YAXXZ             c0001490 f   Hal:Hal.obj
 0001:000010a0       ?disable@@YAXXZ            c00014a0 f   Hal:Hal.obj
 0001:000010b0       ?setvect@@YAXHA6AXXZ@Z     c00014b0 f   Hal:Hal.obj
 0001:000010d0       ?getvect@@YAP6AXXZH@Z      c00014d0 f   Hal:Hal.obj
 0001:00001120       ?get_cpu_vender@@YAPBDXZ   c0001520 f   Hal:Hal.obj
 0001:00001130       ?get_tick_count@@YAHXZ     c0001530 f   Hal:Hal.obj
 0001:00001140       ?interruptdone@@YAXI@Z     c0001540 f i Hal:Hal.obj
 0001:00001170       ?i86_pit_irq@@YAXXZ        c0001570 f   Hal:pit.obj
 0001:000011a0       ?i86_pit_set_tick_count@@YAII@Z c00015a0 f   Hal:pit.obj
 0001:000011c0       ?i86_pit_get_tick_count@@YAIXZ c00015c0 f   Hal:pit.obj
 0001:000011d0       ?i86_pit_send_command@@YAXE@Z c00015d0 f   Hal:pit.obj
 0001:000011f0       ?i86_pit_send_data@@YAXGE@Z c00015f0 f   Hal:pit.obj
 0001:00001240       ?i86_pit_read_data@@YAEG@Z c0001640 f   Hal:pit.obj
 0001:00001290       ?i86_pit_start_counter@@YAXIEE@Z c0001690 f   Hal:pit.obj
 0001:00001330       ?i86_pit_initialize@@YAXXZ c0001730 f   Hal:pit.obj
 0001:00001350       ?i86_pit_is_initialized@@YA_NXZ c0001750 f   Hal:pit.obj
 0001:00001360       ?i86_pic_send_command@@YAXEE@Z c0001760 f i Hal:pic.obj
 0001:000013a0       ?i86_pic_send_data@@YAXEE@Z c00017a0 f i Hal:pic.obj
 0001:000013e0       ?i86_pic_initialize@@YAXEE@Z c00017e0 f   Hal:pic.obj
 0001:00001490       ?i86_cpu_initialize@@YAHXZ c0001890 f   Hal:cpu.obj
 0001:000014b0       ?i86_cpu_shutdown@@YAXXZ   c00018b0 f   Hal:cpu.obj
 0001:000014c0       ?i86_cpu_get_vender@@YAPADXZ c00018c0 f   Hal:cpu.obj
 0001:000014f0       ?i86_cpu_flush_caches@@YAXXZ c00018f0 f   Hal:cpu.obj
 0001:00001500       ?i86_cpu_flush_caches_write@@YAXXZ c0001900 f   Hal:cpu.obj
 0001:00001510       ?i86_cpu_flush_tlb_entry@@YAXI@Z c0001910 f   Hal:cpu.obj
 0001:00001520       ?i86_get_ir@@YAPAUidt_descriptor@@I@Z c0001920 f   Hal:idt.obj
 0001:00001540       ?i86_install_ir@@YAHIGGP6AXXZ@Z c0001940 f   Hal:idt.obj
 0001:000015d0       ?i86_idt_initialize@@YAHG@Z c00019d0 f   Hal:idt.obj
 0001:00001660       ?gdt_set_descriptor@@YAXI_K0EE@Z c0001a60 f   Hal:gdt.obj
 0001:00001750       ?i86_gdt_get_descriptor@@YAPAUgdt_descriptor@@H@Z c0001b50 f   Hal:gdt.obj
 0001:00001770       ?i86_gdt_initialize@@YAHXZ c0001b70 f   Hal:gdt.obj
 0001:000017f0       ?strcpy@@YAPADPADPBD@Z     c0001bf0 f   Lib:string.obj
 0001:00001810       ?strlen@@YAIPBD@Z          c0001c10 f   Lib:string.obj
 0001:00001830       ?memset@@YAPAXPAXDI@Z      c0001c30 f   Lib:string.obj
 0001:00001850       ?Exit@@YAXXZ               c0001c50 f   Lib:cstd.obj
 0001:00001890       ?InitializeConstructors@@YAXXZ c0001c90 f   Lib:cstd.obj
 0001:000018d0       __aullshr                  c0001cd0 f   Lib:cstd.obj
 0001:000018f0       ?vsprintf@@YAHPADPBDPAE@Z  c0001cf0 f   Lib:stdio.obj
 0002:00000000       ??_C@_0DK@JPDKLIDN@Divide?5by?50?5at?5physical?5address?5@ c0002000     exception.obj
 0002:0000003c       ??_C@_0DK@EDMPBNNJ@Single?5step?5at?5physical?5address?5@ c000203c     exception.obj
 0002:00000078       ??_C@_0DH@GMCEJAGH@NMI?5trap?5at?5physical?5address?5?$FL0x@ c0002078     exception.obj
 0002:000000b0       ??_C@_0DO@HECKHEPE@Breakpoint?5trap?5at?5physical?5addr@ c00020b0     exception.obj
 0002:000000f0       ??_C@_0DM@MNLOBONG@Overflow?5trap?5at?5physical?5addres@ c00020f0     exception.obj
 0002:00000130       ??_C@_0EB@HFKENDCB@Bounds?5check?5fault?5at?5physical?5a@ c0002130     exception.obj
 0002:00000174       ??_C@_0DN@FMJKFMBE@Invalid?5opcode?5at?5physical?5addre@ c0002174     exception.obj
 0002:000001b8       ??_C@_0EF@KCMEFAME@Device?5not?5found?5fault?5at?5physic@ c00021b8     exception.obj
 0002:00000200       ??_C@_0DL@BJKFIMCG@Double?5fault?5at?5physical?5address@ c0002200     exception.obj
 0002:0000023c       ??_C@_0DK@KHBDCCLO@Invalid?5TSS?5at?5physical?5address?5@ c000223c     exception.obj
 0002:00000278       ??_C@_0DO@CBMNIOP@Invalid?5segment?5at?5physical?5addr@ c0002278     exception.obj
 0002:000002b8       ??_C@_0DK@KPJEDBGP@Stack?5fault?5at?5physical?5address?5@ c00022b8     exception.obj
 0002:000002f8       ??_C@_0EH@GNLNLLGH@General?5Protection?5Fault?5at?5phys@ c00022f8     exception.obj
 0002:00000340       ??_C@_0DB@ONAGEJDI@Page?5Fault?5at?50x?$CFx?30x?$CFx?5refrence@ c0002340     exception.obj
 0002:00000374       ??_C@_0DI@IOMECPMK@FPU?5Fault?5at?5physical?5address?5?$FL0@ c0002374     exception.obj
 0002:000003ac       ??_C@_0DO@NIKHDGLG@Alignment?5Check?5at?5physical?5addr@ c00023ac     exception.obj
 0002:000003ec       ??_C@_0DM@OKKADJIB@Machine?5Check?5at?5physical?5addres@ c00023ec     exception.obj
 0002:00000428       ??_C@_0DN@OBNBAIHA@FPU?5SIMD?5fault?5at?5physical?5addre@ c0002428     exception.obj
 0002:00000468       ??_C@_0BA@BJOBDCJI@ACPI?5NVS?5Memory?$AA@ c0002468     main.obj
 0002:00000478       ??_C@_0N@EHGNOCNM@ACPI?5Reclaim?$AA@ c0002478     main.obj
 0002:00000488       ??_C@_08NKCLJDKG@Reserved?$AA@ c0002488     main.obj
 0002:00000494       ??_C@_09PPNHOLKJ@Available?$AA@ c0002494     main.obj
 0002:000004a0       ??_C@_0DJ@DCCLNALJ@?6Unallocated?5p?5to?5free?5block?51?4?5@ c00024a0     main.obj
 0002:000004dc       ??_C@_0CD@IDLDPPCG@?6allocated?52?5blocks?5for?5p2?5at?50x@ c00024dc     main.obj
 0002:00000500       ??_C@_0BF@FKNBJPNG@?6p?5allocated?5at?50x?$CFx?$AA@ c0002500     main.obj
 0002:00000518       ??_C@_0FN@PGMCIDPB@?6pmm?5regions?5initialized?3?5?$CFi?5all@ c0002518     main.obj
 0002:00000578       ??_C@_0DP@JJEEKKOB@region?5?$CFi?3?5start?3?50x?$CFx?$CFx?5length?5@ c0002578     main.obj
 0002:000005b8       ??_C@_0BG@NANKAP@Physical?5Memory?5Map?3?6?$AA@ c00025b8     main.obj
 0002:000005d0       ??_C@_0EC@GJFLJNIH@pmm?5initialized?5with?5?$CFi?5KB?5physi@ c00025d0     main.obj
 0002:00000618       ??_C@_0FB@JMGOJCNI@?5?5?5?5?5?5?5?5?5?5?5?5?5?5?5?5?5?5?5?5?5?5?5?5?5?5?5?5?5?5?5?5@ c0002618     main.obj
 0002:00000670       ??_C@_0FB@PNABOIGG@?5?5?5?5?5?5?5?5?5?5?5?5?5?5?5?5?5?5?5?5?$HO?$FL?5Physical?5@ c0002670     main.obj
 0002:000006c8       ??_C@_0FM@GCJJFBAK@An?5internal?5error?5was?5detected?4?5@ c00026c8     panic.obj
 0002:00000728       ??_C@_0BJE@DIIIEOKN@?5?5?5?5?5?5?5?5?5?5?5?5?5?5?5?5?5?5?5?5?5?5?5?5?5?5?5?5?5?5?5?5@ c0002728     panic.obj
 0002:000008bc       ??_C@_0BA@EIKHFOBF@?$CK?$CK?$CK?5STOP?3?5?$CFs?5?6?6?$AA@ c00028bc     panic.obj
 0003:00000000       ?__xc_a@@3PAP6AXXZA        c0002a00     Lib:cstd.obj
 0003:00000004       ?__xc_z@@3PAP6AXXZA        c0002a04     Lib:cstd.obj
 0003:00000008       ?video_memory@@3PAGA       c0002a08     DebugDisplay.obj
 0003:0000000c       ?bchars@@3PADA             c0002a0c     DebugDisplay.obj
 0003:0000001c       ?strMemoryTypes@@3PAPADA   c0002a1c     main.obj
 0003:00000038       __fltused                  c0002a38     Lib:cstd.obj
 0003:00000040       ?tbuf@@3PADA               c0002a40     DebugDisplay.obj
 0003:00000060       ?cursor_x@@3EA             c0002a60     DebugDisplay.obj
 0003:00000061       ?cursor_y@@3EA             c0002a61     DebugDisplay.obj
 0003:00000062       ?_color@@3EA               c0002a62     DebugDisplay.obj

 entry point at        0000:00000000

 Static symbols

 0001:00001640       ?idt_install@@YAXXZ        c0001a40 f   Hal:idt.obj
 0001:00001650       ?i86_default_handler@@YAXXZ c0001a50 f   Hal:idt.obj
 0001:000017e0       ?gdt_install@@YAXXZ        c0001be0 f   Hal:gdt.obj
