 KRNL32

 Timestamp is 5c52dc53 (Thu Jan 31 19:30:27 2019)

 Preferred load address is c0000000

 Start         Length     Name                   Class
 0001:00000000 000008f8H .text                   CODE
 0002:00000000 00000131H .rdata                  DATA
 0003:00000000 00000004H .CRT$XCA                DATA
 0003:00000004 00000004H .CRT$XCZ                DATA
 0003:00000008 0000001cH .data                   DATA
 0003:00000024 0000002cH .bss                    DATA

  Address         Publics by Value              Rva+Base       Lib:Object

 0000:00000000       ___safe_se_handler_count   00000000     <absolute>
 0000:00000000       ___safe_se_handler_table   00000000     <absolute>
 0001:00000000       ?scroll@@YAXXZ             c0000400 f   DebugDisplay.obj
 0001:00000070       ?DebugPutc@@YAXE@Z         c0000470 f   DebugDisplay.obj
 0001:00000190       ?DebugSetColor@@YAII@Z     c0000590 f   DebugDisplay.obj
 0001:000001b0       ?DebugGotoXY@@YAXII@Z      c00005b0 f   DebugDisplay.obj
 0001:00000240       ?DebugClrScr@@YAXE@Z       c0000640 f   DebugDisplay.obj
 0001:000002f0       ?DebugPuts@@YAXPAD@Z       c00006f0 f   DebugDisplay.obj
 0001:00000440       ?DebugPrintf@@YAHPBDZZ     c0000840 f   DebugDisplay.obj
 0001:000006a0       ?kernel_entry@@YAXXZ       c0000aa0 f   entry.obj
 0001:000006e0       _main                      c0000ae0 f   main.obj
 0001:00000780       ?hal_initialize@@YAHXZ     c0000b80 f   Hal:Hal.obj
 0001:000007a0       ?hal_shutdown@@YAHXZ       c0000ba0 f   Hal:Hal.obj
 0001:000007b0       ?geninterrupt@@YAXH@Z      c0000bb0 f   Hal:Hal.obj
 0001:000007d0       ?sound@@YAXI@Z             c0000bd0 f   Hal:Hal.obj
 0001:000007f0       ?inportb@@YAEG@Z           c0000bf0 f   Hal:Hal.obj
 0001:00000800       ?outportb@@YAXGE@Z         c0000c00 f   Hal:Hal.obj
 0001:00000810       ?enable@@YAXXZ             c0000c10 f   Hal:Hal.obj
 0001:00000820       ?disable@@YAXXZ            c0000c20 f   Hal:Hal.obj
 0001:00000830       ?setvect@@YAXHA6AXXZH@Z    c0000c30 f   Hal:Hal.obj
 0001:00000840       ?strcpy@@YAPADPADPBD@Z     c0000c40 f   Lib:string.obj
 0001:00000860       ?strlen@@YAIPBD@Z          c0000c60 f   Lib:string.obj
 0001:00000880       ?Exit@@YAXXZ               c0000c80 f   Lib:cstd.obj
 0001:000008c0       ?InitializeConstructors@@YAXXZ c0000cc0 f   Lib:cstd.obj
 0002:00000000       ??_C@_0DA@HHOEMEAO@I?5am?5preparing?5to?5load?4?4?4?5Hold?5o@ c0000e00     main.obj
 0002:00000030       ??_C@_06EMICHEJC@?$FL0x?$CFx?$FN?$AA@ c0000e30     main.obj
 0002:00000038       ??_C@_0CL@PPKJDCBA@?6?5?5?5?5i?5in?5hex?5?4?4?4?4?4?4?4?4?4?4?4?4?4?4?4?4?4?4@ c0000e38     main.obj
 0002:00000064       ??_C@_04KJOBHKIC@?$FL?$CFi?$FN?$AA@ c0000e64     main.obj
 0002:0000006c       ??_C@_0CL@CEEODFPD@?6?5?5?5?5i?5as?5integer?5?4?4?4?4?4?4?4?4?4?4?4?4?4?4@ c0000e6c     main.obj
 0002:00000098       ??_C@_0DC@PIMAHGBM@?5?5?5?5?$CL?9?9?9?9?9?9?9?9?9?9?9?9?9?9?9?9?9?9?9?9?9?9?9?9?9?9?9@ c0000e98     main.obj
 0002:000000cc       ??_C@_0DB@OCIOHNPJ@?5?5?5?5?$HM?5?5?5?5MOS?532?5Bit?5C?$CL?$CL?5Kernel?5E@ c0000ecc     main.obj
 0002:00000100       ??_C@_0DB@ECANJMMD@?5?5?5?5?$CL?9?9?9?9?9?9?9?9?9?9?9?9?9?9?9?9?9?9?9?9?9?9?9?9?9?9?9@ c0000f00     main.obj
 0003:00000000       ?__xc_a@@3PAP6AXXZA        c0001000     Lib:cstd.obj
 0003:00000004       ?__xc_z@@3PAP6AXXZA        c0001004     Lib:cstd.obj
 0003:00000008       ?video_memory@@3PAGA       c0001008     DebugDisplay.obj
 0003:0000000c       ?bchars@@3PADA             c000100c     DebugDisplay.obj
 0003:00000020       __fltused                  c0001020     Lib:cstd.obj
 0003:00000024       ?tbuf@@3PADA               c0001024     DebugDisplay.obj
 0003:00000044       ?cursor_x@@3EA             c0001044     DebugDisplay.obj
 0003:00000045       ?cursor_y@@3EA             c0001045     DebugDisplay.obj
 0003:00000046       ?_color@@3EA               c0001046     DebugDisplay.obj

 entry point at        0000:00000000

 Static symbols

